SET
SET
SET
SET
SET
 set_config 
------------
 
(1 row)

SET
SET
SET
SET
SET
SET
CREATE TABLE
CREATE SEQUENCE
ALTER SEQUENCE
CREATE TABLE
CREATE SEQUENCE
ALTER SEQUENCE
ALTER TABLE
ALTER TABLE
COPY 6
COPY 19
 setval 
--------
      6
(1 row)

 setval 
--------
     23
(1 row)

ALTER TABLE
ALTER TABLE
ALTER TABLE
